// Jest Snapshot v1, https://goo.gl/fbAQLP

exports[`About Renders as expected 1`] = `
<div>
  <div
    class="flex flex-col md:flex-row items-center"
    style="gap: 10%;"
  >
    <div
      class="w-full md:w-auto"
      style="flex: 1;"
    >
      <div
        class="w-full relative mb-4"
        style="padding-top: 100%;"
      >
        <div
          class="MuiAvatar-root MuiAvatar-circular"
          style="width: 100%; height: 100%; position: absolute; top: 0px; left: 0px; bottom: 0px; right: 0px;"
        >
          <img
            class="MuiAvatar-img"
            src="/me.jpg"
          />
        </div>
      </div>
      <h3
        class="MuiTypography-root MuiTypography-h3 MuiTypography-alignCenter"
      >
        David
         
        <br />
        <span
          class="MuiTypography-root leading-loose"
          style="font-size: smaller;"
        >
          Camacho Cateura
        </span>
      </h3>
    </div>
    <div
      style="flex: 2;"
    >
      <div
        class="mb-8"
      >
        <p
          class="MuiTypography-root MuiTypography-body1 MuiTypography-alignJustify"
          style="line-height: 2;"
        >
          <span>
            <div
              class="mb-8"
            >
              <p
                class="MuiTypography-root MuiTypography-body1 MuiTypography-alignJustify"
                style="line-height: 2;"
              >
                <span>
                  I am a 
                  <b>
                    commited
                  </b>
                  , capable and resolutive person. I have skills, experience and formation as a 
                  <b>
                    developer
                  </b>
                  , which are very well complemented by my 
                  <b>
                    business background
                  </b>
                  .
                </span>
              </p>
            </div>
            <div
              class="mb-8"
            >
              <p
                class="MuiTypography-root MuiTypography-body1 MuiTypography-alignJustify"
                style="line-height: 2;"
              >
                <span>
                  I led an educational robotics and programming firm for five years. I devoted the last one and a half to ideate, design and develop an 
                  <b>
                    online solution in the form of a hybrid app
                  </b>
                   and a web platform. 
                </span>
              </p>
            </div>
            <div
              class="mb-8"
            >
              <p
                class="MuiTypography-root MuiTypography-body1 MuiTypography-alignJustify"
                style="line-height: 2;"
              >
                <span>
                  I am currently employed by Accenture as a 
                  <b>
                    full-stack developer
                  </b>
                  .
                </span>
              </p>
            </div>
          </span>
        </p>
      </div>
    </div>
  </div>
</div>
`;
