// Jest Snapshot v1, https://goo.gl/fbAQLP

exports[`About Renders as expected 1`] = `
<div>
  <div
    class="sc-hKwDye hWqBml flex flex-col md:flex-row items-center"
  >
    <div
      class="sc-eCImPb jUvWMl w-3/5 md:w-auto"
    >
      <div
        class="sc-dkPtRN bjewRQ w-full relative mb-4"
      >
        <div
          style="display: block; overflow: hidden; position: absolute; top: 0px; left: 0px; bottom: 0px; right: 0px; box-sizing: border-box; margin: 0px;"
        >
          <noscript />
          <img
            alt="DavidCamacho Cateura"
            class="absolute top-0 left-0 bottom-0 right-0 rounded-full"
            data-nimg="true"
            decoding="async"
            src="data:image/gif;base64,R0lGODlhAQABAIAAAAAAAP///yH5BAEAAAAALAAAAAABAAEAAAIBRAA7"
            style="position: absolute; top: 0px; left: 0px; bottom: 0px; right: 0px; box-sizing: border-box; padding: 0px; margin: auto; display: block; width: 0px; height: 0px; min-width: 100%; max-width: 100%; min-height: 100%; max-height: 100%;"
          />
        </div>
      </div>
      <h3
        class="MuiTypography-root sc-gsDKAQ iRIomE MuiTypography-h3 MuiTypography-alignCenter"
      >
        David
         
        Camacho Cateura
      </h3>
    </div>
    <div
      class="sc-jRQBWg cWSwmB mt-4 md:mt-0 flex gap-8 flex-col justify-center"
    >
      <div
        class=""
      >
        <p
          class="MuiTypography-root sc-bdvvtL gedMyf MuiTypography-body1 MuiTypography-alignJustify"
        >
          I am a 
          <b
            style="color: rgb(255, 64, 129);"
          >
            commited
          </b>
          , capable and resolutive person. I have skills, experience and formation as a 
          <b
            style="color: rgb(255, 64, 129);"
          >
            developer
          </b>
          , which are very well complemented by my 
          <b
            style="color: rgb(255, 64, 129);"
          >
            business background
          </b>
          .
        </p>
      </div>
      <div
        class=""
      >
        <p
          class="MuiTypography-root sc-bdvvtL gedMyf MuiTypography-body1 MuiTypography-alignJustify"
        >
          I led an educational robotics and programming firm for five years. I devoted the last one and a half to ideate, design and develop an 
          <b
            style="color: rgb(255, 64, 129);"
          >
            online solution in the form of a hybrid app
          </b>
           and a web platform. 
        </p>
      </div>
      <div
        class=""
      >
        <p
          class="MuiTypography-root sc-bdvvtL gedMyf MuiTypography-body1 MuiTypography-alignJustify"
        >
          I am currently employed by Accenture as a 
          <b
            style="color: rgb(255, 64, 129);"
          >
            full-stack developer
          </b>
          .
        </p>
      </div>
    </div>
  </div>
</div>
`;
