// Jest Snapshot v1, https://goo.gl/fbAQLP

exports[`SectionTitle Renders as expected 1`] = `
<div>
  <div
    class="flex flex-col mt-8 mb-8"
  >
    <div>
      <h2
        class="MuiTypography-root uppercase MuiTypography-h2 MuiTypography-alignCenter"
      >
        This is a Section Title
      </h2>
    </div>
    <div
      class="self-center border-b-2 border-black border-solid w-20 mt-4 mb-4"
    />
  </div>
</div>
`;
