// Jest Snapshot v1, https://goo.gl/fbAQLP

exports[`MenuElement Renders as expected 1`] = `
<div>
  <p
    class="MuiTypography-root MuiTypography-body1"
  >
    <a
      class="MuiTypography-root MuiLink-root MuiLink-underlineHover cursor-pointer linkButton font-regular MuiTypography-colorTextSecondary"
      href="#"
      style="color: rgb(255, 255, 255);"
    >
      Home
    </a>
  </p>
</div>
`;
