// Jest Snapshot v1, https://goo.gl/fbAQLP

exports[`BarAbility Renders as expected 1`] = `
<div>
  <div
    class="flex flex-row justify-center"
  >
    <div
      class="w-40 md:w-32 truncate"
    >
      <div
        class="sc-dkPtRN kLozLK pl-2 pr-2 pt-1 pb-1"
      >
        <p
          class="MuiTypography-root sc-hKwDye dsVJSv w-full truncate MuiTypography-body2 MuiTypography-alignCenter"
          font-size="1rem"
          fontcolor="white"
        >
          Cool
        </p>
      </div>
    </div>
    <div
      class="w-full md:w-80 "
    >
      <div
        class="bg-gray-300 h-full"
      >
        <div
          class="sc-bdvvtL kOgXaY pr-4 h-full flex flex-col justify-center"
        >
          <div>
            <p
              class="MuiTypography-root sc-gsDKAQ etFjmY MuiTypography-body1 MuiTypography-alignRight"
              font-size="1rem"
              fontcolor="white"
            >
              80%
            </p>
          </div>
        </div>
      </div>
    </div>
  </div>
</div>
`;
