// Jest Snapshot v1, https://goo.gl/fbAQLP

exports[`Bar Renders as expected 1`] = `
<div>
  <div
    style="background-color: rgb(226, 226, 226); height: 100%;"
  >
    <div
      class="pr-8 h-full flex flex-col justify-center"
      style="width: 40%; background-color: red; height: 100%;"
    >
      <p
        class="MuiTypography-root MuiTypography-body1 MuiTypography-colorTextSecondary MuiTypography-alignRight"
      >
        40%
      </p>
    </div>
  </div>
</div>
`;
