// Jest Snapshot v1, https://goo.gl/fbAQLP

exports[`Bar Renders as expected 1`] = `
<div>
  <div
    class="bg-gray-300 h-full"
  >
    <div
      class="sc-bdvvtL jGTAWU pr-4 h-full flex flex-col justify-center"
    >
      <div>
        <p
          class="MuiTypography-root sc-gsDKAQ etFjmY MuiTypography-body1 MuiTypography-alignRight"
          font-size="1rem"
          fontcolor="white"
        >
          40%
        </p>
      </div>
    </div>
  </div>
</div>
`;
