// Jest Snapshot v1, https://goo.gl/fbAQLP

exports[`BarTitle Renders as expected 1`] = `
<div>
  <div
    class="sc-bdvvtL jJpwjr pl-2 pr-2 pt-1 pb-1"
  >
    <p
      class="MuiTypography-root sc-gsDKAQ etnubE w-full truncate MuiTypography-body2 MuiTypography-alignCenter"
      font-size="1rem"
      fontcolor="white"
    >
      Testing
    </p>
  </div>
</div>
`;
